\BOOKMARK [1][]{section.1}{\376\377\000I\000n\000t\000r\000o\000d\000u\000c\000t\000i\000o\000n}{}% 1
\BOOKMARK [1][]{section.2}{\376\377\000R\000e\000l\000a\000t\000e\000d\000\040\000W\000o\000r\000k}{}% 2
\BOOKMARK [1][]{section.3}{\376\377\000M\000e\000t\000h\000o\000d\000o\000l\000o\000g\000y}{}% 3
\BOOKMARK [2][]{subsection.3.1}{\376\377\000D\000a\000t\000a\000\040\000D\000e\000s\000c\000r\000i\000p\000t\000i\000o\000n}{section.3}% 4
\BOOKMARK [2][]{subsection.3.2}{\376\377\000D\000a\000t\000a\000\040\000P\000r\000e\000p\000r\000o\000c\000e\000s\000s\000i\000n\000g}{section.3}% 5
\BOOKMARK [3][]{subsubsection.3.2.1}{\376\377\000M\000a\000n\000u\000a\000l}{subsection.3.2}% 6
\BOOKMARK [3][]{subsubsection.3.2.2}{\376\377\000L\000L\000M}{subsection.3.2}% 7
\BOOKMARK [2][]{subsection.3.3}{\376\377\000S\000i\000n\000g\000l\000e\000\040\000L\000L\000M}{section.3}% 8
\BOOKMARK [2][]{subsection.3.4}{\376\377\000P\000r\000o\000m\000p\000t\000\040\000T\000u\000n\000e\000d\000\040\000L\000L\000M}{section.3}% 9
\BOOKMARK [2][]{subsection.3.5}{\376\377\000M\000e\000d\000i\000S\000y\000n\000:\000\040\000A\000\040\000S\000y\000n\000e\000r\000g\000i\000s\000t\000i\000c\000\040\000m\000u\000l\000t\000i\000-\000a\000g\000e\000n\000t\000\040\000A\000I\000\040\000s\000y\000s\000t\000e\000m\000\040\000f\000o\000r\000\040\000I\000P\000E}{section.3}% 10
\BOOKMARK [2][]{subsection.3.6}{\376\377\000E\000v\000a\000l\000u\000a\000t\000i\000o\000n\000\040\000M\000e\000t\000h\000o\000d\000s}{section.3}% 11
\BOOKMARK [3][]{subsubsection.3.6.1}{\376\377\000B\000L\000E\000U\000\040\000S\000c\000o\000r\000e}{subsection.3.6}% 12
\BOOKMARK [3][]{subsubsection.3.6.2}{\376\377\000R\000O\000U\000G\000E\000\040\000S\000c\000o\000r\000e}{subsection.3.6}% 13
\BOOKMARK [3][]{subsubsection.3.6.3}{\376\377\000L\000L\000M\000\040\000a\000s\000\040\000a\000\040\000J\000u\000d\000g\000e}{subsection.3.6}% 14
\BOOKMARK [1][]{section.4}{\376\377\000E\000x\000p\000e\000r\000i\000m\000e\000n\000t\000s\000\040\000a\000n\000d\000\040\000R\000e\000s\000u\000l\000t\000s}{}% 15
\BOOKMARK [2][]{subsection.4.1}{\376\377\000P\000r\000o\000m\000p\000t\000\040\000E\000n\000g\000i\000n\000e\000e\000r\000i\000n\000g}{section.4}% 16
\BOOKMARK [2][]{subsection.4.2}{\376\377\000D\000a\000t\000a\000\040\000P\000r\000e\000p\000a\000r\000a\000t\000i\000o\000n\000\040\000c\000o\000m\000p\000a\000r\000i\000s\000i\000o\000n\000\040\000-\000\040\000O\000p\000e\000n\000A\000I\000\040\000v\000s\000\040\000C\000l\000a\000u\000d\000e\000\040\000v\000s\000\040\000L\000l\000a\000m\000a}{section.4}% 17
\BOOKMARK [2][]{subsection.4.3}{\376\377\000T\000r\000e\000a\000t\000m\000e\000n\000t\000\040\000P\000l\000a\000n\000s\000\040\000c\000o\000m\000p\000a\000r\000i\000s\000i\000o\000n\000\040\000-\000\040\000O\000p\000e\000n\000A\000I\000\040\000v\000s\000\040\000C\000l\000a\000u\000d\000e\000\040\000v\000s\000\040\000L\000l\000a\000m\000a}{section.4}% 18
\BOOKMARK [3][]{subsubsection.4.3.1}{\376\377\000M\000a\000n\000u\000a\000l\000l\000y\000\040\000p\000r\000e\000p\000a\000r\000e\000d\000\040\000d\000a\000t\000a}{subsection.4.3}% 19
\BOOKMARK [3][]{subsubsection.4.3.2}{\376\377\000L\000L\000M\000\040\000p\000r\000e\000p\000a\000r\000e\000d\000\040\000d\000a\000t\000a}{subsection.4.3}% 20
\BOOKMARK [2][]{subsection.4.4}{\376\377\000\040\000L\000L\000M\000\040\000v\000s\000\040\000P\000r\000o\000m\000p\000t\000\040\000T\000u\000n\000e\000d\000\040\000L\000L\000M\000\040\000v\000s\000\040\000M\000e\000d\000i\000S\000y\000n}{section.4}% 21
\BOOKMARK [3][]{subsubsection.4.4.1}{\376\377\000M\000a\000n\000u\000a\000l\000l\000y\000\040\000p\000r\000e\000p\000a\000r\000e\000d\000\040\000d\000a\000t\000a}{subsection.4.4}% 22
\BOOKMARK [3][]{subsubsection.4.4.2}{\376\377\000L\000L\000M\000\040\000p\000r\000e\000p\000a\000r\000e\000d\000\040\000d\000a\000t\000a}{subsection.4.4}% 23
\BOOKMARK [1][]{section.5}{\376\377\000D\000i\000s\000c\000u\000s\000s\000i\000o\000n\000\040\000a\000n\000d\000\040\000L\000i\000m\000i\000t\000a\000t\000i\000o\000n\000s}{}% 24
\BOOKMARK [1][]{section.6}{\376\377\000C\000o\000n\000c\000l\000u\000s\000i\000o\000n}{}% 25
\BOOKMARK [1][]{section.7}{\376\377\000R\000e\000s\000u\000l\000t\000s}{}% 26
\BOOKMARK [1][]{section.8}{\376\377\000T\000h\000i\000s\000\040\000i\000s\000\040\000a\000n\000\040\000e\000x\000a\000m\000p\000l\000e\000\040\000f\000o\000r\000\040\000f\000i\000r\000s\000t\000\040\000l\000e\000v\000e\000l\000\040\000h\000e\000a\000d\040\024\000s\000e\000c\000t\000i\000o\000n\000\040\000h\000e\000a\000d}{}% 27
\BOOKMARK [2][]{subsection.8.1}{\376\377\000T\000h\000i\000s\000\040\000i\000s\000\040\000a\000n\000\040\000e\000x\000a\000m\000p\000l\000e\000\040\000f\000o\000r\000\040\000s\000e\000c\000o\000n\000d\000\040\000l\000e\000v\000e\000l\000\040\000h\000e\000a\000d\040\024\000s\000u\000b\000s\000e\000c\000t\000i\000o\000n\000\040\000h\000e\000a\000d}{section.8}% 28
\BOOKMARK [3][]{subsubsection.8.1.1}{\376\377\000T\000h\000i\000s\000\040\000i\000s\000\040\000a\000n\000\040\000e\000x\000a\000m\000p\000l\000e\000\040\000f\000o\000r\000\040\000t\000h\000i\000r\000d\000\040\000l\000e\000v\000e\000l\000\040\000h\000e\000a\000d\040\024\000s\000u\000b\000s\000u\000b\000s\000e\000c\000t\000i\000o\000n\000\040\000h\000e\000a\000d}{subsection.8.1}% 29
\BOOKMARK [1][]{section.9}{\376\377\000E\000q\000u\000a\000t\000i\000o\000n\000s}{}% 30
\BOOKMARK [1][]{section.10}{\376\377\000T\000a\000b\000l\000e\000s}{}% 31
\BOOKMARK [1][]{section.11}{\376\377\000F\000i\000g\000u\000r\000e\000s}{}% 32
\BOOKMARK [1][]{section.12}{\376\377\000A\000l\000g\000o\000r\000i\000t\000h\000m\000s\000,\000\040\000P\000r\000o\000g\000r\000a\000m\000\040\000c\000o\000d\000e\000s\000\040\000a\000n\000d\000\040\000L\000i\000s\000t\000i\000n\000g\000s}{}% 33
\BOOKMARK [1][]{section.13}{\376\377\000C\000r\000o\000s\000s\000\040\000r\000e\000f\000e\000r\000e\000n\000c\000i\000n\000g}{}% 34
\BOOKMARK [2][]{subsection.13.1}{\376\377\000D\000e\000t\000a\000i\000l\000s\000\040\000o\000n\000\040\000r\000e\000f\000e\000r\000e\000n\000c\000e\000\040\000c\000i\000t\000a\000t\000i\000o\000n\000s}{section.13}% 35
\BOOKMARK [1][]{section.14}{\376\377\000E\000x\000a\000m\000p\000l\000e\000s\000\040\000f\000o\000r\000\040\000t\000h\000e\000o\000r\000e\000m\000\040\000l\000i\000k\000e\000\040\000e\000n\000v\000i\000r\000o\000n\000m\000e\000n\000t\000s}{}% 36
\BOOKMARK [1][]{section.15}{\376\377\000M\000e\000t\000h\000o\000d\000s}{}% 37
\BOOKMARK [1][]{section.16}{\376\377\000D\000i\000s\000c\000u\000s\000s\000i\000o\000n}{}% 38
\BOOKMARK [1][]{section.17}{\376\377\000C\000o\000n\000c\000l\000u\000s\000i\000o\000n}{}% 39
\BOOKMARK [2][]{section*.2}{\376\377\000S\000u\000p\000p\000l\000e\000m\000e\000n\000t\000a\000r\000y\000\040\000i\000n\000f\000o\000r\000m\000a\000t\000i\000o\000n}{section.17}% 40
\BOOKMARK [3][]{section*.3}{\376\377\000A\000c\000k\000n\000o\000w\000l\000e\000d\000g\000e\000m\000e\000n\000t\000s}{section*.2}% 41
\BOOKMARK [1][]{appendix.a.A}{\376\377\000S\000e\000c\000t\000i\000o\000n\000\040\000t\000i\000t\000l\000e\000\040\000o\000f\000\040\000f\000i\000r\000s\000t\000\040\000a\000p\000p\000e\000n\000d\000i\000x}{}% 42
